2020-05-31 23:32:57.326 INFO  154  --- [ main ] app.AppMain - start app
2020-05-31 23:32:59.264 INFO  2092 --- [ AWT-EventQueue-0 ] app.service.Service - GetStationInfo
2020-06-06 22:05:55.108 INFO  214  --- [ main ] app.AppMain - start app
2020-06-06 22:16:11.091 INFO  202  --- [ main ] app.AppMain - start app
2020-06-06 22:19:44.770 INFO  205  --- [ main ] app.AppMain - start app
2020-06-14 15:00:59.181 INFO  200  --- [ main ] app.AppMain - start app
2020-06-14 15:01:15.099 INFO  16118 --- [ AWT-EventQueue-0 ] app.service.Service - GetStationInfo
2020-07-05 12:24:51.999 INFO  198  --- [ main ] app.AppMain - start app
2020-07-05 13:28:46.755 INFO  203  --- [ main ] app.AppMain - start app
2020-07-05 13:28:55.039 INFO  8487 --- [ AWT-EventQueue-0 ] app.service.Service - GetStationInfo
2020-07-05 19:01:34.869 INFO  206  --- [ main ] app.AppMain - start app
2020-07-05 23:47:49.043 INFO  160  --- [ main ] app.AppMain - start app
2020-07-05 23:48:25.990 INFO  206  --- [ main ] app.AppMain - start app
2020-07-05 23:48:35.140 INFO  9356 --- [ AWT-EventQueue-0 ] app.service.Service - GetStationInfo
2020-07-05 23:49:40.481 INFO  74697 --- [ AWT-EventQueue-0 ] app.service.Service - GetStationInfo
2020-07-05 23:49:42.912 INFO  77128 --- [ AWT-EventQueue-0 ] app.service.Service - saveStationList:12
2020-07-06 00:04:53.339 INFO  200  --- [ main ] app.AppMain - start app
2020-07-06 00:04:59.855 INFO  6716 --- [ AWT-EventQueue-0 ] app.service.Service - GetStationInfo
2020-07-06 00:05:56.860 INFO  63721 --- [ AWT-EventQueue-0 ] app.service.Service - saveStationList:12
2020-07-06 00:09:43.639 INFO  190  --- [ main ] app.AppMain - start app
2020-07-06 00:09:48.896 INFO  5447 --- [ AWT-EventQueue-0 ] app.service.Service - GetStationInfo
2020-07-06 00:26:01.384 INFO  202  --- [ main ] app.AppMain - start app
2020-07-06 00:26:07.729 INFO  6547 --- [ AWT-EventQueue-0 ] app.service.Service - GetStationInfo
2020-07-06 00:41:26.737 INFO  201  --- [ main ] app.AppMain - start app
2020-07-06 00:41:29.326 INFO  2790 --- [ AWT-EventQueue-0 ] app.service.Service - GetStationData
2020-07-07 11:34:46.470 INFO  277  --- [ main ] app.AppMain - start app
2020-07-07 11:40:02.850 INFO  267  --- [ main ] app.AppMain - start app
2020-07-07 14:41:49.594 INFO  208  --- [ main ] app.AppMain - start app
2020-07-07 15:47:43.622 INFO  308  --- [ main ] app.AppMain - start app
2020-07-07 15:57:47.605 INFO  246  --- [ main ] app.AppMain - start app
2020-07-07 16:04:22.681 INFO  242  --- [ main ] app.AppMain - start app
2020-07-07 16:24:26.677 INFO  282  --- [ main ] app.AppMain - start app
2020-07-07 16:31:17.305 INFO  259  --- [ main ] app.AppMain - start app
2020-07-07 16:57:20.634 INFO  246  --- [ main ] app.AppMain - start app
2020-07-07 17:05:39.345 INFO  249  --- [ main ] app.AppMain - start app
2020-07-07 17:06:28.280 INFO  49184 --- [ AWT-EventQueue-0 ] app.service.Service - 서울 crawling
2020-07-07 17:06:28.280 INFO  49184 --- [ AWT-EventQueue-0 ] app.service.Service - GetStationInfo
2020-07-07 17:06:33.684 INFO  54588 --- [ AWT-EventQueue-0 ] app.service.Service - 경기 crawling
2020-07-07 17:06:33.684 INFO  54588 --- [ AWT-EventQueue-0 ] app.service.Service - GetStationInfo
2020-07-07 17:06:40.675 INFO  61579 --- [ AWT-EventQueue-0 ] app.service.Service - 인천 crawling
2020-07-07 17:06:40.675 INFO  61579 --- [ AWT-EventQueue-0 ] app.service.Service - GetStationInfo
2020-07-07 17:06:45.817 INFO  66721 --- [ AWT-EventQueue-0 ] app.service.Service - 강원 crawling
2020-07-07 17:06:45.817 INFO  66721 --- [ AWT-EventQueue-0 ] app.service.Service - GetStationInfo
2020-07-07 17:06:50.946 INFO  71850 --- [ AWT-EventQueue-0 ] app.service.Service - 충남 crawling
2020-07-07 17:06:50.946 INFO  71850 --- [ AWT-EventQueue-0 ] app.service.Service - GetStationInfo
2020-07-07 17:06:56.100 INFO  77004 --- [ AWT-EventQueue-0 ] app.service.Service - 대전 crawling
2020-07-07 17:06:56.100 INFO  77004 --- [ AWT-EventQueue-0 ] app.service.Service - GetStationInfo
2020-07-07 17:07:01.181 INFO  82085 --- [ AWT-EventQueue-0 ] app.service.Service - 충북 crawling
2020-07-07 17:07:01.181 INFO  82085 --- [ AWT-EventQueue-0 ] app.service.Service - GetStationInfo
2020-07-07 17:07:06.278 INFO  87182 --- [ AWT-EventQueue-0 ] app.service.Service - 세종 crawling
2020-07-07 17:07:06.278 INFO  87182 --- [ AWT-EventQueue-0 ] app.service.Service - GetStationInfo
2020-07-07 17:07:11.316 INFO  92220 --- [ AWT-EventQueue-0 ] app.service.Service - 부산 crawling
2020-07-07 17:07:11.316 INFO  92220 --- [ AWT-EventQueue-0 ] app.service.Service - GetStationInfo
2020-07-07 17:07:16.451 INFO  97355 --- [ AWT-EventQueue-0 ] app.service.Service - 울산 crawling
2020-07-07 17:07:16.451 INFO  97355 --- [ AWT-EventQueue-0 ] app.service.Service - GetStationInfo
2020-07-07 17:07:21.862 INFO  102766 --- [ AWT-EventQueue-0 ] app.service.Service - 대구 crawling
2020-07-07 17:07:21.862 INFO  102766 --- [ AWT-EventQueue-0 ] app.service.Service - GetStationInfo
2020-07-07 17:07:27.146 INFO  108050 --- [ AWT-EventQueue-0 ] app.service.Service - 경북 crawling
2020-07-07 17:07:27.146 INFO  108050 --- [ AWT-EventQueue-0 ] app.service.Service - GetStationInfo
2020-07-07 17:07:32.417 INFO  113321 --- [ AWT-EventQueue-0 ] app.service.Service - 경남 crawling
2020-07-07 17:07:32.417 INFO  113321 --- [ AWT-EventQueue-0 ] app.service.Service - GetStationInfo
2020-07-07 17:07:37.763 INFO  118667 --- [ AWT-EventQueue-0 ] app.service.Service - 전남 crawling
2020-07-07 17:07:37.763 INFO  118667 --- [ AWT-EventQueue-0 ] app.service.Service - GetStationInfo
2020-07-07 17:07:42.888 INFO  123792 --- [ AWT-EventQueue-0 ] app.service.Service - 전북 crawling
2020-07-07 17:07:42.888 INFO  123792 --- [ AWT-EventQueue-0 ] app.service.Service - GetStationInfo
2020-07-07 17:07:47.978 INFO  128882 --- [ AWT-EventQueue-0 ] app.service.Service - 제주 crawling
2020-07-07 17:07:47.978 INFO  128882 --- [ AWT-EventQueue-0 ] app.service.Service - GetStationInfo
2020-07-07 17:12:02.082 INFO  382986 --- [ AWT-EventQueue-0 ] app.service.Service - saveStationList:480
2020-07-07 17:20:21.387 INFO  882291 --- [ AWT-EventQueue-0 ] app.service.Service - saveStationList:480
2020-07-07 17:36:25.351 INFO  325  --- [ main ] app.AppMain - start app
2020-07-07 17:36:29.800 INFO  4774 --- [ Thread-2 ] app.service.CrawlingInfo - 서울 crawling
2020-07-07 17:36:29.800 INFO  4774 --- [ Thread-2 ] app.service.CrawlingInfo - GetStationInfo
2020-07-07 17:36:35.249 INFO  10223 --- [ Thread-2 ] app.service.CrawlingInfo - 경기 crawling
2020-07-07 17:36:35.249 INFO  10223 --- [ Thread-2 ] app.service.CrawlingInfo - GetStationInfo
2020-07-07 17:36:41.403 INFO  16377 --- [ Thread-2 ] app.service.CrawlingInfo - 인천 crawling
2020-07-07 17:36:41.403 INFO  16377 --- [ Thread-2 ] app.service.CrawlingInfo - GetStationInfo
2020-07-07 17:36:46.538 INFO  21512 --- [ Thread-2 ] app.service.CrawlingInfo - 강원 crawling
2020-07-07 17:36:46.538 INFO  21512 --- [ Thread-2 ] app.service.CrawlingInfo - GetStationInfo
2020-07-07 17:36:52.774 INFO  27748 --- [ Thread-2 ] app.service.CrawlingInfo - 충남 crawling
2020-07-07 17:36:52.774 INFO  27748 --- [ Thread-2 ] app.service.CrawlingInfo - GetStationInfo
2020-07-07 17:36:58.418 INFO  33392 --- [ Thread-2 ] app.service.CrawlingInfo - 대전 crawling
2020-07-07 17:36:58.418 INFO  33392 --- [ Thread-2 ] app.service.CrawlingInfo - GetStationInfo
2020-07-07 17:37:03.480 INFO  38454 --- [ Thread-2 ] app.service.CrawlingInfo - 충북 crawling
2020-07-07 17:37:03.480 INFO  38454 --- [ Thread-2 ] app.service.CrawlingInfo - GetStationInfo
2020-07-07 17:37:08.578 INFO  43552 --- [ Thread-2 ] app.service.CrawlingInfo - 세종 crawling
2020-07-07 17:37:08.578 INFO  43552 --- [ Thread-2 ] app.service.CrawlingInfo - GetStationInfo
2020-07-07 17:37:13.639 INFO  48613 --- [ Thread-2 ] app.service.CrawlingInfo - 부산 crawling
2020-07-07 17:37:13.639 INFO  48613 --- [ Thread-2 ] app.service.CrawlingInfo - GetStationInfo
2020-07-07 17:37:18.749 INFO  53723 --- [ Thread-2 ] app.service.CrawlingInfo - 울산 crawling
2020-07-07 17:37:18.749 INFO  53723 --- [ Thread-2 ] app.service.CrawlingInfo - GetStationInfo
2020-07-07 17:37:23.839 INFO  58813 --- [ Thread-2 ] app.service.CrawlingInfo - 대구 crawling
2020-07-07 17:37:23.839 INFO  58813 --- [ Thread-2 ] app.service.CrawlingInfo - GetStationInfo
2020-07-07 17:37:28.918 INFO  63892 --- [ Thread-2 ] app.service.CrawlingInfo - 경북 crawling
2020-07-07 17:37:28.918 INFO  63892 --- [ Thread-2 ] app.service.CrawlingInfo - GetStationInfo
2020-07-07 17:37:34.061 INFO  69035 --- [ Thread-2 ] app.service.CrawlingInfo - 경남 crawling
2020-07-07 17:37:34.061 INFO  69035 --- [ Thread-2 ] app.service.CrawlingInfo - GetStationInfo
2020-07-07 17:37:39.254 INFO  74228 --- [ Thread-2 ] app.service.CrawlingInfo - 전남 crawling
2020-07-07 17:37:39.254 INFO  74228 --- [ Thread-2 ] app.service.CrawlingInfo - GetStationInfo
2020-07-07 17:37:44.415 INFO  79389 --- [ Thread-2 ] app.service.CrawlingInfo - 전북 crawling
2020-07-07 17:37:44.415 INFO  79389 --- [ Thread-2 ] app.service.CrawlingInfo - GetStationInfo
2020-07-07 17:37:49.514 INFO  84488 --- [ Thread-2 ] app.service.CrawlingInfo - 제주 crawling
2020-07-07 17:37:49.514 INFO  84488 --- [ Thread-2 ] app.service.CrawlingInfo - GetStationInfo
2020-07-07 17:43:27.508 INFO  324  --- [ main ] app.AppMain - start app
2020-07-07 17:43:30.558 INFO  3374 --- [ Thread-2 ] app.service.CrawlingInfo - 서울 crawling
2020-07-07 17:43:30.558 INFO  3374 --- [ Thread-2 ] app.service.CrawlingInfo - GetStationInfo
2020-07-07 17:43:36.042 INFO  8858 --- [ Thread-2 ] app.service.CrawlingInfo - 경기 crawling
2020-07-07 17:43:36.042 INFO  8858 --- [ Thread-2 ] app.service.CrawlingInfo - GetStationInfo
2020-07-07 17:43:44.953 INFO  17769 --- [ Thread-2 ] app.service.CrawlingInfo - 인천 crawling
2020-07-07 17:43:44.953 INFO  17769 --- [ Thread-2 ] app.service.CrawlingInfo - GetStationInfo
2020-07-07 17:43:51.092 INFO  23908 --- [ Thread-2 ] app.service.CrawlingInfo - 강원 crawling
2020-07-07 17:43:51.092 INFO  23908 --- [ Thread-2 ] app.service.CrawlingInfo - GetStationInfo
2020-07-07 17:43:56.220 INFO  29036 --- [ Thread-2 ] app.service.CrawlingInfo - 충남 crawling
2020-07-07 17:43:56.220 INFO  29036 --- [ Thread-2 ] app.service.CrawlingInfo - GetStationInfo
2020-07-08 13:58:45.159 INFO  242  --- [ main ] app.AppMain - start app
2020-07-08 15:28:23.624 INFO  260  --- [ main ] app.AppMain - start app
2020-07-08 15:36:36.375 INFO  246  --- [ main ] app.AppMain - start app
2020-07-08 15:44:21.931 INFO  246  --- [ main ] app.AppMain - start app
2020-07-10 13:34:41.633 INFO  289  --- [ main ] app.AppMain - start app
2020-07-10 14:54:12.429 INFO  246  --- [ main ] app.AppMain - start app
2020-07-10 14:55:04.216 INFO  52033 --- [ Thread-2 ] a.s.CrawlingStationInfoService - 서울 crawling
2020-07-10 14:55:04.216 INFO  52033 --- [ Thread-2 ] a.s.CrawlingStationInfoService - GetStationInfo
2020-07-10 14:55:09.870 INFO  57687 --- [ Thread-2 ] a.s.CrawlingStationInfoService - 경기 crawling
2020-07-10 14:55:09.870 INFO  57687 --- [ Thread-2 ] a.s.CrawlingStationInfoService - GetStationInfo
2020-07-10 14:55:15.149 INFO  62966 --- [ Thread-2 ] a.s.CrawlingStationInfoService - 인천 crawling
2020-07-10 14:55:15.149 INFO  62966 --- [ Thread-2 ] a.s.CrawlingStationInfoService - GetStationInfo
2020-07-10 14:55:20.314 INFO  68131 --- [ Thread-2 ] a.s.CrawlingStationInfoService - 강원 crawling
2020-07-10 14:55:20.314 INFO  68131 --- [ Thread-2 ] a.s.CrawlingStationInfoService - GetStationInfo
2020-07-10 14:55:25.406 INFO  73223 --- [ Thread-2 ] a.s.CrawlingStationInfoService - 충남 crawling
2020-07-10 14:55:25.406 INFO  73223 --- [ Thread-2 ] a.s.CrawlingStationInfoService - GetStationInfo
2020-07-10 14:55:30.512 INFO  78329 --- [ Thread-2 ] a.s.CrawlingStationInfoService - 대전 crawling
2020-07-10 14:55:30.512 INFO  78329 --- [ Thread-2 ] a.s.CrawlingStationInfoService - GetStationInfo
2020-07-10 14:55:35.581 INFO  83398 --- [ Thread-2 ] a.s.CrawlingStationInfoService - 충북 crawling
2020-07-10 14:55:35.581 INFO  83398 --- [ Thread-2 ] a.s.CrawlingStationInfoService - GetStationInfo
2020-07-10 14:55:40.672 INFO  88489 --- [ Thread-2 ] a.s.CrawlingStationInfoService - 세종 crawling
2020-07-10 14:55:40.672 INFO  88489 --- [ Thread-2 ] a.s.CrawlingStationInfoService - GetStationInfo
2020-07-10 14:55:45.718 INFO  93535 --- [ Thread-2 ] a.s.CrawlingStationInfoService - 부산 crawling
2020-07-10 14:55:45.718 INFO  93535 --- [ Thread-2 ] a.s.CrawlingStationInfoService - GetStationInfo
2020-07-10 14:55:51.642 INFO  99459 --- [ Thread-2 ] a.s.CrawlingStationInfoService - 울산 crawling
2020-07-10 14:55:51.642 INFO  99459 --- [ Thread-2 ] a.s.CrawlingStationInfoService - GetStationInfo
2020-07-10 14:55:56.709 INFO  104526 --- [ Thread-2 ] a.s.CrawlingStationInfoService - 대구 crawling
2020-07-10 14:55:56.709 INFO  104526 --- [ Thread-2 ] a.s.CrawlingStationInfoService - GetStationInfo
2020-07-10 14:56:01.827 INFO  109644 --- [ Thread-2 ] a.s.CrawlingStationInfoService - 경북 crawling
2020-07-10 14:56:01.827 INFO  109644 --- [ Thread-2 ] a.s.CrawlingStationInfoService - GetStationInfo
2020-07-10 14:56:06.953 INFO  114770 --- [ Thread-2 ] a.s.CrawlingStationInfoService - 경남 crawling
2020-07-10 14:56:06.953 INFO  114770 --- [ Thread-2 ] a.s.CrawlingStationInfoService - GetStationInfo
2020-07-10 14:56:12.634 INFO  120451 --- [ Thread-2 ] a.s.CrawlingStationInfoService - 전남 crawling
2020-07-10 14:56:12.634 INFO  120451 --- [ Thread-2 ] a.s.CrawlingStationInfoService - GetStationInfo
2020-07-10 14:56:17.745 INFO  125562 --- [ Thread-2 ] a.s.CrawlingStationInfoService - 전북 crawling
2020-07-10 14:56:17.745 INFO  125562 --- [ Thread-2 ] a.s.CrawlingStationInfoService - GetStationInfo
2020-07-10 14:56:23.324 INFO  131141 --- [ Thread-2 ] a.s.CrawlingStationInfoService - 제주 crawling
2020-07-10 14:56:23.324 INFO  131141 --- [ Thread-2 ] a.s.CrawlingStationInfoService - GetStationInfo
2020-07-10 14:57:43.974 INFO  211791 --- [ AWT-EventQueue-0 ] app.service.SaveStationInfoService - saveStationList:480
2020-07-10 15:20:49.478 INFO  244  --- [ main ] app.AppMain - start app
2020-07-10 15:20:58.406 INFO  9172 --- [ Thread-2 ] a.s.CrawlingStationInfoService - 서울 crawling
2020-07-10 15:20:58.406 INFO  9172 --- [ Thread-2 ] a.s.CrawlingStationInfoService - GetStationInfo
2020-07-10 15:21:03.790 INFO  14556 --- [ Thread-2 ] a.s.CrawlingStationInfoService - 경기 crawling
2020-07-10 15:21:03.790 INFO  14556 --- [ Thread-2 ] a.s.CrawlingStationInfoService - GetStationInfo
2020-07-10 15:21:09.080 INFO  19846 --- [ Thread-2 ] a.s.CrawlingStationInfoService - 인천 crawling
2020-07-10 15:21:09.080 INFO  19846 --- [ Thread-2 ] a.s.CrawlingStationInfoService - GetStationInfo
2020-07-10 15:21:14.167 INFO  24933 --- [ Thread-2 ] a.s.CrawlingStationInfoService - 강원 crawling
2020-07-10 15:21:14.167 INFO  24933 --- [ Thread-2 ] a.s.CrawlingStationInfoService - GetStationInfo
2020-07-10 15:21:19.269 INFO  30035 --- [ Thread-2 ] a.s.CrawlingStationInfoService - 충남 crawling
2020-07-10 15:21:19.269 INFO  30035 --- [ Thread-2 ] a.s.CrawlingStationInfoService - GetStationInfo
2020-07-10 15:21:24.393 INFO  35159 --- [ Thread-2 ] a.s.CrawlingStationInfoService - 대전 crawling
2020-07-10 15:21:24.393 INFO  35159 --- [ Thread-2 ] a.s.CrawlingStationInfoService - GetStationInfo
2020-07-10 15:21:29.450 INFO  40216 --- [ Thread-2 ] a.s.CrawlingStationInfoService - 충북 crawling
2020-07-10 15:21:29.450 INFO  40216 --- [ Thread-2 ] a.s.CrawlingStationInfoService - GetStationInfo
2020-07-10 15:21:34.521 INFO  45287 --- [ Thread-2 ] a.s.CrawlingStationInfoService - 세종 crawling
2020-07-10 15:21:34.521 INFO  45287 --- [ Thread-2 ] a.s.CrawlingStationInfoService - GetStationInfo
2020-07-10 15:21:39.559 INFO  50325 --- [ Thread-2 ] a.s.CrawlingStationInfoService - 부산 crawling
2020-07-10 15:21:39.559 INFO  50325 --- [ Thread-2 ] a.s.CrawlingStationInfoService - GetStationInfo
2020-07-10 15:21:44.655 INFO  55421 --- [ Thread-2 ] a.s.CrawlingStationInfoService - 울산 crawling
2020-07-10 15:21:44.655 INFO  55421 --- [ Thread-2 ] a.s.CrawlingStationInfoService - GetStationInfo
2020-07-10 15:21:49.725 INFO  60491 --- [ Thread-2 ] a.s.CrawlingStationInfoService - 대구 crawling
2020-07-10 15:21:49.725 INFO  60491 --- [ Thread-2 ] a.s.CrawlingStationInfoService - GetStationInfo
2020-07-10 15:21:54.800 INFO  65566 --- [ Thread-2 ] a.s.CrawlingStationInfoService - 경북 crawling
2020-07-10 15:21:54.800 INFO  65566 --- [ Thread-2 ] a.s.CrawlingStationInfoService - GetStationInfo
2020-07-10 15:21:59.926 INFO  70692 --- [ Thread-2 ] a.s.CrawlingStationInfoService - 경남 crawling
2020-07-10 15:21:59.926 INFO  70692 --- [ Thread-2 ] a.s.CrawlingStationInfoService - GetStationInfo
2020-07-10 15:22:05.122 INFO  75888 --- [ Thread-2 ] a.s.CrawlingStationInfoService - 전남 crawling
2020-07-10 15:22:05.122 INFO  75888 --- [ Thread-2 ] a.s.CrawlingStationInfoService - GetStationInfo
2020-07-10 15:22:10.240 INFO  81006 --- [ Thread-2 ] a.s.CrawlingStationInfoService - 전북 crawling
2020-07-10 15:22:10.240 INFO  81006 --- [ Thread-2 ] a.s.CrawlingStationInfoService - GetStationInfo
2020-07-10 15:22:15.335 INFO  86101 --- [ Thread-2 ] a.s.CrawlingStationInfoService - 제주 crawling
2020-07-10 15:22:15.335 INFO  86101 --- [ Thread-2 ] a.s.CrawlingStationInfoService - GetStationInfo
2020-07-10 15:23:13.370 INFO  144136 --- [ AWT-EventQueue-0 ] app.service.SaveStationInfoService - saveStationList:480
2020-07-10 15:24:27.568 INFO  218334 --- [ AWT-EventQueue-0 ] app.service.SaveStationInfoService - saveStationList:480
2020-07-10 15:37:20.988 INFO  224  --- [ main ] app.AppMain - start app
2020-07-10 15:37:28.643 INFO  7879 --- [ Thread-2 ] a.s.CrawlingStationInfoService - 서울 crawling
2020-07-10 15:37:28.643 INFO  7879 --- [ Thread-2 ] a.s.CrawlingStationInfoService - GetStationInfo
2020-07-10 15:37:34.000 INFO  13236 --- [ Thread-2 ] a.s.CrawlingStationInfoService - 경기 crawling
2020-07-10 15:37:34.000 INFO  13236 --- [ Thread-2 ] a.s.CrawlingStationInfoService - GetStationInfo
2020-07-10 15:37:39.250 INFO  18486 --- [ Thread-2 ] a.s.CrawlingStationInfoService - 인천 crawling
2020-07-10 15:37:39.250 INFO  18486 --- [ Thread-2 ] a.s.CrawlingStationInfoService - GetStationInfo
2020-07-10 15:37:44.336 INFO  23572 --- [ Thread-2 ] a.s.CrawlingStationInfoService - 강원 crawling
2020-07-10 15:37:44.336 INFO  23572 --- [ Thread-2 ] a.s.CrawlingStationInfoService - GetStationInfo
2020-07-10 15:37:49.452 INFO  28688 --- [ Thread-2 ] a.s.CrawlingStationInfoService - 충남 crawling
2020-07-10 15:37:49.452 INFO  28688 --- [ Thread-2 ] a.s.CrawlingStationInfoService - GetStationInfo
2020-07-10 15:37:54.571 INFO  33807 --- [ Thread-2 ] a.s.CrawlingStationInfoService - 대전 crawling
2020-07-10 15:37:54.571 INFO  33807 --- [ Thread-2 ] a.s.CrawlingStationInfoService - GetStationInfo
2020-07-10 15:37:59.633 INFO  38869 --- [ Thread-2 ] a.s.CrawlingStationInfoService - 충북 crawling
2020-07-10 15:37:59.633 INFO  38869 --- [ Thread-2 ] a.s.CrawlingStationInfoService - GetStationInfo
2020-07-10 15:38:04.706 INFO  43942 --- [ Thread-2 ] a.s.CrawlingStationInfoService - 세종 crawling
2020-07-10 15:38:04.706 INFO  43942 --- [ Thread-2 ] a.s.CrawlingStationInfoService - GetStationInfo
2020-07-10 15:38:09.761 INFO  48997 --- [ Thread-2 ] a.s.CrawlingStationInfoService - 부산 crawling
2020-07-10 15:38:09.761 INFO  48997 --- [ Thread-2 ] a.s.CrawlingStationInfoService - GetStationInfo
2020-07-10 15:38:14.936 INFO  54172 --- [ Thread-2 ] a.s.CrawlingStationInfoService - 울산 crawling
2020-07-10 15:38:14.936 INFO  54172 --- [ Thread-2 ] a.s.CrawlingStationInfoService - GetStationInfo
2020-07-10 15:38:20.006 INFO  59242 --- [ Thread-2 ] a.s.CrawlingStationInfoService - 대구 crawling
2020-07-10 15:38:20.006 INFO  59242 --- [ Thread-2 ] a.s.CrawlingStationInfoService - GetStationInfo
2020-07-10 15:38:25.075 INFO  64311 --- [ Thread-2 ] a.s.CrawlingStationInfoService - 경북 crawling
2020-07-10 15:38:25.075 INFO  64311 --- [ Thread-2 ] a.s.CrawlingStationInfoService - GetStationInfo
2020-07-10 15:38:30.215 INFO  69451 --- [ Thread-2 ] a.s.CrawlingStationInfoService - 경남 crawling
2020-07-10 15:38:30.215 INFO  69451 --- [ Thread-2 ] a.s.CrawlingStationInfoService - GetStationInfo
2020-07-10 15:38:35.352 INFO  74588 --- [ Thread-2 ] a.s.CrawlingStationInfoService - 전남 crawling
2020-07-10 15:38:35.352 INFO  74588 --- [ Thread-2 ] a.s.CrawlingStationInfoService - GetStationInfo
2020-07-10 15:38:40.446 INFO  79682 --- [ Thread-2 ] a.s.CrawlingStationInfoService - 전북 crawling
2020-07-10 15:38:40.446 INFO  79682 --- [ Thread-2 ] a.s.CrawlingStationInfoService - GetStationInfo
2020-07-10 15:38:45.546 INFO  84782 --- [ Thread-2 ] a.s.CrawlingStationInfoService - 제주 crawling
2020-07-10 15:38:45.546 INFO  84782 --- [ Thread-2 ] a.s.CrawlingStationInfoService - GetStationInfo
2020-07-10 15:41:28.597 INFO  247833 --- [ AWT-EventQueue-0 ] app.service.SaveStationInfoService - saveStationList:480
2020-07-10 16:00:50.660 INFO  252  --- [ main ] app.AppMain - start app
2020-07-10 16:01:16.644 INFO  26236 --- [ Thread-2 ] a.s.CrawlingStationInfoService - 서울 crawling
2020-07-10 16:01:16.644 INFO  26236 --- [ Thread-2 ] a.s.CrawlingStationInfoService - GetStationInfo
2020-07-10 16:01:22.011 INFO  31603 --- [ Thread-2 ] a.s.CrawlingStationInfoService - 경기 crawling
2020-07-10 16:01:22.011 INFO  31603 --- [ Thread-2 ] a.s.CrawlingStationInfoService - GetStationInfo
2020-07-10 16:01:27.291 INFO  36883 --- [ Thread-2 ] a.s.CrawlingStationInfoService - 인천 crawling
2020-07-10 16:01:27.291 INFO  36883 --- [ Thread-2 ] a.s.CrawlingStationInfoService - GetStationInfo
2020-07-10 16:01:32.410 INFO  42002 --- [ Thread-2 ] a.s.CrawlingStationInfoService - 강원 crawling
2020-07-10 16:01:32.410 INFO  42002 --- [ Thread-2 ] a.s.CrawlingStationInfoService - GetStationInfo
2020-07-10 16:01:37.495 INFO  47087 --- [ Thread-2 ] a.s.CrawlingStationInfoService - 충남 crawling
2020-07-10 16:01:37.495 INFO  47087 --- [ Thread-2 ] a.s.CrawlingStationInfoService - GetStationInfo
2020-07-10 16:01:42.607 INFO  52199 --- [ Thread-2 ] a.s.CrawlingStationInfoService - 대전 crawling
2020-07-10 16:01:42.607 INFO  52199 --- [ Thread-2 ] a.s.CrawlingStationInfoService - GetStationInfo
2020-07-10 16:01:47.660 INFO  57252 --- [ Thread-2 ] a.s.CrawlingStationInfoService - 충북 crawling
2020-07-10 16:01:47.660 INFO  57252 --- [ Thread-2 ] a.s.CrawlingStationInfoService - GetStationInfo
2020-07-10 16:01:52.755 INFO  62347 --- [ Thread-2 ] a.s.CrawlingStationInfoService - 세종 crawling
2020-07-10 16:01:52.755 INFO  62347 --- [ Thread-2 ] a.s.CrawlingStationInfoService - GetStationInfo
2020-07-10 16:01:57.821 INFO  67413 --- [ Thread-2 ] a.s.CrawlingStationInfoService - 부산 crawling
2020-07-10 16:01:57.821 INFO  67413 --- [ Thread-2 ] a.s.CrawlingStationInfoService - GetStationInfo
2020-07-10 16:02:02.928 INFO  72520 --- [ Thread-2 ] a.s.CrawlingStationInfoService - 울산 crawling
2020-07-10 16:02:02.928 INFO  72520 --- [ Thread-2 ] a.s.CrawlingStationInfoService - GetStationInfo
2020-07-10 16:02:08.006 INFO  77598 --- [ Thread-2 ] a.s.CrawlingStationInfoService - 대구 crawling
2020-07-10 16:02:08.006 INFO  77598 --- [ Thread-2 ] a.s.CrawlingStationInfoService - GetStationInfo
2020-07-10 16:02:13.079 INFO  82671 --- [ Thread-2 ] a.s.CrawlingStationInfoService - 경북 crawling
2020-07-10 16:02:13.079 INFO  82671 --- [ Thread-2 ] a.s.CrawlingStationInfoService - GetStationInfo
2020-07-10 16:02:18.227 INFO  87819 --- [ Thread-2 ] a.s.CrawlingStationInfoService - 경남 crawling
2020-07-10 16:02:18.227 INFO  87819 --- [ Thread-2 ] a.s.CrawlingStationInfoService - GetStationInfo
2020-07-10 16:02:23.368 INFO  92960 --- [ Thread-2 ] a.s.CrawlingStationInfoService - 전남 crawling
2020-07-10 16:02:23.368 INFO  92960 --- [ Thread-2 ] a.s.CrawlingStationInfoService - GetStationInfo
2020-07-10 16:02:28.464 INFO  98056 --- [ Thread-2 ] a.s.CrawlingStationInfoService - 전북 crawling
2020-07-10 16:02:28.464 INFO  98056 --- [ Thread-2 ] a.s.CrawlingStationInfoService - GetStationInfo
2020-07-10 16:02:33.555 INFO  103147 --- [ Thread-2 ] a.s.CrawlingStationInfoService - 제주 crawling
2020-07-10 16:02:33.555 INFO  103147 --- [ Thread-2 ] a.s.CrawlingStationInfoService - GetStationInfo
2020-07-10 16:02:59.392 INFO  128984 --- [ AWT-EventQueue-0 ] app.service.SaveStationInfoService - saveStationList:480
2020-07-10 16:11:01.820 INFO  253  --- [ main ] app.AppMain - start app
2020-07-10 16:11:08.074 INFO  6507 --- [ Thread-2 ] a.s.CrawlingStationInfoService - 서울 crawling
2020-07-10 16:11:08.074 INFO  6507 --- [ Thread-2 ] a.s.CrawlingStationInfoService - GetStationInfo
2020-07-10 16:11:34.969 INFO  33402 --- [ AWT-EventQueue-0 ] app.service.SaveStationInfoService - saveStationList:0
2020-07-10 16:12:04.255 INFO  246  --- [ main ] app.AppMain - start app
2020-07-10 16:12:09.012 INFO  5003 --- [ Thread-2 ] a.s.CrawlingStationInfoService - 서울 crawling
2020-07-10 16:12:09.012 INFO  5003 --- [ Thread-2 ] a.s.CrawlingStationInfoService - GetStationInfo
2020-07-10 16:50:02.687 INFO  249  --- [ main ] app.AppMain - start app
2020-07-14 14:40:35.010 INFO  696  --- [ main ] app.AppMain - start app
2020-07-14 16:07:28.916 INFO  5214602 --- [ AWT-EventQueue-0 ] app.service.Service - GetStationData
2020-07-14 16:07:48.484 INFO  5234170 --- [ AWT-EventQueue-0 ] app.service.Service - GetStationData
2020-07-14 17:18:21.761 INFO  289  --- [ main ] app.AppMain - start app
2020-07-14 17:21:29.698 INFO  188226 --- [ AWT-EventQueue-0 ] app.service.Service - GetRealTimeData
2020-07-17 10:49:08.690 INFO  541  --- [ main ] app.AppMain - start app
2020-07-17 15:12:08.828 INFO  15780679 --- [ AWT-EventQueue-0 ] app.service.Service - GetRealTimeData
2020-07-17 15:55:17.497 INFO  257  --- [ main ] app.AppMain - start app
2020-07-17 16:15:47.607 INFO  1230367 --- [ AWT-EventQueue-0 ] app.service.SaveDataService - saveAirList:0
